// Jest Snapshot v1, https://goo.gl/fbAQLP

exports[`icon default snapshot 1`] = `
<svg
  className=""
  viewBox="-10 -10 220 220"
>
  <circle
    cx="100"
    cy="100"
    fill="black"
    r="100"
  />
  <rect
    fill="white"
    height="100"
    stroke="white"
    width="100"
    x="0"
    y="0"
  />
  <rect
    fill="white"
    height="100"
    stroke="white"
    width="100"
    x="101"
    y="101"
  />
  <circle
    cx="100"
    cy="100"
    fill="none"
    r="110"
    stroke="black"
    strokeWidth="20"
  />
</svg>
`;
