// Jest Snapshot v1, https://goo.gl/fbAQLP

exports[`IconSelector snapshot 1`] = `
<div
  className="iconSelector"
>
  <div
    className="selectIconBox false"
    id="icon1"
    onClick={[Function]}
  >
    <svg
      className=""
      viewBox="-10 -10 220 220"
    >
      <circle
        cx="100"
        cy="100"
        fill="white"
        r="100"
      />
      <rect
        fill="black"
        height="100"
        stroke="black"
        width="100"
        x="0"
        y="0"
      />
      <rect
        fill="black"
        height="100"
        stroke="black"
        width="100"
        x="101"
        y="101"
      />
      <circle
        cx="100"
        cy="100"
        fill="none"
        r="110"
        stroke="black"
        strokeWidth="20"
      />
    </svg>
  </div>
  <div
    className="selectIconBox false"
    id="icon2"
    onClick={[Function]}
  >
    <svg
      className=""
      viewBox="-10 -10 220 220"
    >
      <circle
        cx="100"
        cy="100"
        fill="white"
        r="100"
      />
      <rect
        fill="black"
        height="85"
        stroke="black"
        width="85"
        x="0"
        y="0"
      />
      <rect
        fill="black"
        height="85"
        stroke="black"
        width="85"
        x="116"
        y="116"
      />
      <rect
        fill="black"
        height="85"
        stroke="black"
        width="85"
        x="0"
        y="116"
      />
      <rect
        fill="black"
        height="85"
        stroke="black"
        width="85"
        x="116"
        y="0"
      />
      <circle
        cx="100"
        cy="100"
        fill="none"
        r="110"
        stroke="black"
        strokeWidth="20"
      />
    </svg>
  </div>
  <div
    className="selectIconBox false"
    id="icon3"
    onClick={[Function]}
  >
    <svg
      className=""
      viewBox="-10 -10 220 220"
    >
      <circle
        cx="100"
        cy="100"
        fill="white"
        r="100"
      />
      <circle
        cx="100"
        cy="100"
        fill="black"
        r="65"
        stroke="black"
      />
      <circle
        cx="100"
        cy="100"
        fill="white"
        r="25"
        stroke="white"
      />
      <circle
        cx="100"
        cy="100"
        fill="none"
        r="110"
        stroke="black"
        strokeWidth="20"
      />
    </svg>
  </div>
  <div
    className="selectIconBox false"
    id="icon4"
    onClick={[Function]}
  >
    <svg
      className=""
      viewBox="-10 -10 220 220"
    >
      <circle
        cx="100"
        cy="100"
        fill="white"
        r="100"
      />
      <rect
        fill="black"
        height="200"
        stroke="black"
        width="30"
        x="85"
        y="0"
      />
      <circle
        cx="100"
        cy="200"
        fill="black"
        r="80"
        stroke="black"
      />
      <circle
        cx="100"
        cy="100"
        fill="none"
        r="110"
        stroke="black"
        strokeWidth="20"
      />
    </svg>
  </div>
  <div
    className="selectIconBox  selected "
    id="icon5"
    onClick={[Function]}
  >
    <svg
      className=""
      viewBox="-10 -10 220 220"
    >
      <circle
        cx="100"
        cy="100"
        fill="white"
        r="100"
      />
      <circle
        cx="140"
        cy="140"
        fill="black"
        r="25"
        stroke="black"
      />
      <circle
        cx="60"
        cy="70"
        fill="black"
        r="25"
        stroke="black"
      />
      <circle
        cx="140"
        cy="70"
        fill="black"
        r="25"
        stroke="black"
      />
      <circle
        cx="40"
        cy="192"
        fill="black"
        r="25"
        stroke="black"
      />
      <circle
        cx="100"
        cy="100"
        fill="none"
        r="110"
        stroke="black"
        strokeWidth="20"
      />
    </svg>
  </div>
  <div
    className="selectIconBox false"
    id="icon6"
    onClick={[Function]}
  >
    <svg
      className=""
      viewBox="-10 -10 220 220"
    >
      <circle
        cx="100"
        cy="100"
        fill="white"
        r="100"
      />
      <rect
        fill="black"
        height="142"
        stroke="black"
        width="142"
        x="31"
        y="31"
      />
      <circle
        cx="100"
        cy="100"
        fill="none"
        r="110"
        stroke="black"
        strokeWidth="20"
      />
    </svg>
  </div>
  <div
    className="selectIconBox false"
    id="icon7"
    onClick={[Function]}
  >
    <svg
      className=""
      viewBox="-10 -10 220 220"
    >
      <circle
        cx="100"
        cy="100"
        fill="white"
        r="100"
      />
      <polygon
        fill="black"
        points="100 0, 159 181, 5 69, 195 69, 41 181"
        stroke="black"
        strokeWidth={3}
      />
      <circle
        cx="100"
        cy="100"
        fill="none"
        r="110"
        stroke="black"
        strokeWidth="20"
      />
    </svg>
  </div>
</div>
`;
