// Jest Snapshot v1, https://goo.gl/fbAQLP

exports[`Radio it matches the snapshot 1`] = `
<div
  className="Input InputRadio"
>
  <div
    className="InputName"
  >
    TestName
  </div>
  <button
    className="RadioButton Default selected"
    onClick={[Function]}
    onMouseEnter={[Function]}
    onMouseLeave={[Function]}
    value="Default"
  >
    Default
  </button>
  <button
    className="RadioButton Rising"
    onClick={[Function]}
    onMouseEnter={[Function]}
    onMouseLeave={[Function]}
    value="Rising"
  >
    Rising
  </button>
  <button
    className="RadioButton Manual"
    onClick={[Function]}
    onMouseEnter={[Function]}
    onMouseLeave={[Function]}
    value="Manual"
  >
    Manual
  </button>
  <div
    className="InputDescription"
  >
    10 Per Game
  </div>
</div>
`;
